[2026-02-05T11:16:11.127+0000] {manager.py:469} INFO - Processing files using up to 2 processes at a time 
[2026-02-05T11:16:11.128+0000] {manager.py:470} INFO - Process each file at most once every 30 seconds
[2026-02-05T11:16:11.128+0000] {manager.py:471} INFO - Checking for new files in /opt/airflow/dags every 300 seconds
[2026-02-05T11:16:11.128+0000] {manager.py:738} INFO - Searching for files in /opt/airflow/dags
[2026-02-05T11:16:11.129+0000] {manager.py:741} INFO - There are 0 files in /opt/airflow/dags
[2026-02-05T11:19:54.384+0000] {manager.py:451} INFO - Exiting gracefully upon receiving signal 15
[2026-02-05T11:19:59.754+0000] {manager.py:469} INFO - Processing files using up to 2 processes at a time 
[2026-02-05T11:19:59.754+0000] {manager.py:470} INFO - Process each file at most once every 30 seconds
[2026-02-05T11:19:59.754+0000] {manager.py:471} INFO - Checking for new files in /opt/airflow/dags every 300 seconds
[2026-02-05T11:19:59.754+0000] {manager.py:738} INFO - Searching for files in /opt/airflow/dags
[2026-02-05T11:19:59.755+0000] {manager.py:741} INFO - There are 1 files in /opt/airflow/dags
[2026-02-05T11:19:59.783+0000] {manager.py:879} INFO - 
================================================================================
DAG File Processing Stats

File Path                                       PID  Runtime      # DAGs    # Errors  Last Runtime    Last Run
--------------------------------------------  -----  ---------  --------  ----------  --------------  ----------
/opt/airflow/dags/microscopy_clean_n_move.py    167  0.01s             0           0
================================================================================
[2026-02-05T11:20:30.068+0000] {manager.py:879} INFO - 
================================================================================
DAG File Processing Stats

File Path                                       PID  Runtime      # DAGs    # Errors  Last Runtime    Last Run
--------------------------------------------  -----  ---------  --------  ----------  --------------  -------------------
/opt/airflow/dags/microscopy_clean_n_move.py    174  0.01s             1           0  0.13s           2026-02-05T11:19:59
================================================================================
[2026-02-05T11:21:00.422+0000] {manager.py:879} INFO - 
================================================================================
DAG File Processing Stats

File Path                                       PID  Runtime      # DAGs    # Errors  Last Runtime    Last Run
--------------------------------------------  -----  ---------  --------  ----------  --------------  -------------------
/opt/airflow/dags/microscopy_clean_n_move.py    179  0.01s             1           0  0.10s           2026-02-05T11:20:30
================================================================================
[2026-02-05T11:21:30.716+0000] {manager.py:879} INFO - 
================================================================================
DAG File Processing Stats

File Path                                       PID  Runtime      # DAGs    # Errors  Last Runtime    Last Run
--------------------------------------------  -----  ---------  --------  ----------  --------------  -------------------
/opt/airflow/dags/microscopy_clean_n_move.py    184  0.01s             1           0  0.10s           2026-02-05T11:21:00
================================================================================
[2026-02-05T11:22:01.071+0000] {manager.py:879} INFO - 
================================================================================
DAG File Processing Stats

File Path                                       PID  Runtime      # DAGs    # Errors  Last Runtime    Last Run
--------------------------------------------  -----  ---------  --------  ----------  --------------  -------------------
/opt/airflow/dags/microscopy_clean_n_move.py    189  0.01s             1           0  0.10s           2026-02-05T11:21:30
================================================================================
[2026-02-05T11:22:31.350+0000] {manager.py:879} INFO - 
================================================================================
DAG File Processing Stats

File Path                                       PID  Runtime      # DAGs    # Errors  Last Runtime    Last Run
--------------------------------------------  -----  ---------  --------  ----------  --------------  -------------------
/opt/airflow/dags/microscopy_clean_n_move.py    194  0.01s             1           0  0.10s           2026-02-05T11:22:01
================================================================================
[2026-02-05T11:23:01.739+0000] {manager.py:879} INFO - 
================================================================================
DAG File Processing Stats

File Path                                       PID  Runtime      # DAGs    # Errors  Last Runtime    Last Run
--------------------------------------------  -----  ---------  --------  ----------  --------------  -------------------
/opt/airflow/dags/microscopy_clean_n_move.py    199  0.01s             1           0  0.10s           2026-02-05T11:22:31
================================================================================
[2026-02-05T11:23:32.037+0000] {manager.py:879} INFO - 
================================================================================
DAG File Processing Stats

File Path                                       PID  Runtime      # DAGs    # Errors  Last Runtime    Last Run
--------------------------------------------  -----  ---------  --------  ----------  --------------  -------------------
/opt/airflow/dags/microscopy_clean_n_move.py    204  0.00s             1           0  0.09s           2026-02-05T11:23:01
================================================================================
[2026-02-05T11:24:02.433+0000] {manager.py:879} INFO - 
================================================================================
DAG File Processing Stats

File Path                                       PID  Runtime      # DAGs    # Errors  Last Runtime    Last Run
--------------------------------------------  -----  ---------  --------  ----------  --------------  -------------------
/opt/airflow/dags/microscopy_clean_n_move.py    209  0.00s             1           0  0.10s           2026-02-05T11:23:32
================================================================================
[2026-02-05T11:24:32.731+0000] {manager.py:879} INFO - 
================================================================================
DAG File Processing Stats

File Path                                       PID  Runtime      # DAGs    # Errors  Last Runtime    Last Run
--------------------------------------------  -----  ---------  --------  ----------  --------------  -------------------
/opt/airflow/dags/microscopy_clean_n_move.py    214  0.01s             1           0  0.11s           2026-02-05T11:24:02
================================================================================
[2026-02-05T11:25:00.043+0000] {manager.py:738} INFO - Searching for files in /opt/airflow/dags
[2026-02-05T11:25:00.050+0000] {manager.py:741} INFO - There are 1 files in /opt/airflow/dags
[2026-02-05T11:25:03.110+0000] {manager.py:879} INFO - 
================================================================================
DAG File Processing Stats

File Path                                       PID  Runtime      # DAGs    # Errors  Last Runtime    Last Run
--------------------------------------------  -----  ---------  --------  ----------  --------------  -------------------
/opt/airflow/dags/microscopy_clean_n_move.py    219  0.01s             1           0  0.10s           2026-02-05T11:24:32
================================================================================
[2026-02-05T11:25:33.381+0000] {manager.py:879} INFO - 
================================================================================
DAG File Processing Stats

File Path                                       PID  Runtime      # DAGs    # Errors  Last Runtime    Last Run
--------------------------------------------  -----  ---------  --------  ----------  --------------  -------------------
/opt/airflow/dags/microscopy_clean_n_move.py    224  0.01s             1           0  0.11s           2026-02-05T11:25:03
================================================================================
[2026-02-05T11:26:03.708+0000] {manager.py:879} INFO - 
================================================================================
DAG File Processing Stats

File Path                                       PID  Runtime      # DAGs    # Errors  Last Runtime    Last Run
--------------------------------------------  -----  ---------  --------  ----------  --------------  -------------------
/opt/airflow/dags/microscopy_clean_n_move.py    229  0.01s             1           0  0.12s           2026-02-05T11:25:33
================================================================================
[2026-02-05T11:26:34.014+0000] {manager.py:879} INFO - 
================================================================================
DAG File Processing Stats

File Path                                       PID  Runtime      # DAGs    # Errors  Last Runtime    Last Run
--------------------------------------------  -----  ---------  --------  ----------  --------------  -------------------
/opt/airflow/dags/microscopy_clean_n_move.py    234  0.01s             1           0  0.10s           2026-02-05T11:26:03
================================================================================
[2026-02-05T11:27:04.332+0000] {manager.py:879} INFO - 
================================================================================
DAG File Processing Stats

File Path                                       PID  Runtime      # DAGs    # Errors  Last Runtime    Last Run
--------------------------------------------  -----  ---------  --------  ----------  --------------  -------------------
/opt/airflow/dags/microscopy_clean_n_move.py    239  0.01s             1           0  0.10s           2026-02-05T11:26:34
================================================================================
[2026-02-05T11:27:34.703+0000] {manager.py:879} INFO - 
================================================================================
DAG File Processing Stats

File Path                                       PID  Runtime      # DAGs    # Errors  Last Runtime    Last Run
--------------------------------------------  -----  ---------  --------  ----------  --------------  -------------------
/opt/airflow/dags/microscopy_clean_n_move.py    244  0.00s             1           0  0.11s           2026-02-05T11:27:04
================================================================================
[2026-02-05T11:28:05.020+0000] {manager.py:879} INFO - 
================================================================================
DAG File Processing Stats

File Path                                       PID  Runtime      # DAGs    # Errors  Last Runtime    Last Run
--------------------------------------------  -----  ---------  --------  ----------  --------------  -------------------
/opt/airflow/dags/microscopy_clean_n_move.py    249  0.01s             1           0  0.10s           2026-02-05T11:27:34
================================================================================
[2026-02-05T11:28:35.341+0000] {manager.py:879} INFO - 
================================================================================
DAG File Processing Stats

File Path                                       PID  Runtime      # DAGs    # Errors  Last Runtime    Last Run
--------------------------------------------  -----  ---------  --------  ----------  --------------  -------------------
/opt/airflow/dags/microscopy_clean_n_move.py    254  0.01s             1           0  0.10s           2026-02-05T11:28:05
================================================================================
[2026-02-05T11:29:05.702+0000] {manager.py:879} INFO - 
================================================================================
DAG File Processing Stats

File Path                                       PID  Runtime      # DAGs    # Errors  Last Runtime    Last Run
--------------------------------------------  -----  ---------  --------  ----------  --------------  -------------------
/opt/airflow/dags/microscopy_clean_n_move.py    259  0.01s             1           0  0.11s           2026-02-05T11:28:35
================================================================================
[2026-02-05T11:29:36.017+0000] {manager.py:879} INFO - 
================================================================================
DAG File Processing Stats

File Path                                       PID  Runtime      # DAGs    # Errors  Last Runtime    Last Run
--------------------------------------------  -----  ---------  --------  ----------  --------------  -------------------
/opt/airflow/dags/microscopy_clean_n_move.py    264  0.01s             1           0  0.11s           2026-02-05T11:29:05
================================================================================
[2026-02-05T11:30:00.334+0000] {manager.py:738} INFO - Searching for files in /opt/airflow/dags
[2026-02-05T11:30:00.337+0000] {manager.py:741} INFO - There are 1 files in /opt/airflow/dags
[2026-02-05T11:30:06.421+0000] {manager.py:879} INFO - 
================================================================================
DAG File Processing Stats

File Path                                       PID  Runtime      # DAGs    # Errors  Last Runtime    Last Run
--------------------------------------------  -----  ---------  --------  ----------  --------------  -------------------
/opt/airflow/dags/microscopy_clean_n_move.py    269  0.01s             1           0  0.10s           2026-02-05T11:29:36
================================================================================
[2026-02-05T11:30:36.708+0000] {manager.py:879} INFO - 
================================================================================
DAG File Processing Stats

File Path                                       PID  Runtime      # DAGs    # Errors  Last Runtime    Last Run
--------------------------------------------  -----  ---------  --------  ----------  --------------  -------------------
/opt/airflow/dags/microscopy_clean_n_move.py    274  0.01s             1           0  0.10s           2026-02-05T11:30:06
================================================================================
[2026-02-05T11:31:07.015+0000] {manager.py:879} INFO - 
================================================================================
DAG File Processing Stats

File Path                                       PID  Runtime      # DAGs    # Errors  Last Runtime    Last Run
--------------------------------------------  -----  ---------  --------  ----------  --------------  -------------------
/opt/airflow/dags/microscopy_clean_n_move.py    279  0.01s             1           0  0.11s           2026-02-05T11:30:36
================================================================================
[2026-02-05T11:31:37.381+0000] {manager.py:879} INFO - 
================================================================================
DAG File Processing Stats

File Path                                       PID  Runtime      # DAGs    # Errors  Last Runtime    Last Run
--------------------------------------------  -----  ---------  --------  ----------  --------------  -------------------
/opt/airflow/dags/microscopy_clean_n_move.py    284  0.01s             1           0  0.10s           2026-02-05T11:31:07
================================================================================
[2026-02-05T11:32:07.675+0000] {manager.py:879} INFO - 
================================================================================
DAG File Processing Stats

File Path                                       PID  Runtime      # DAGs    # Errors  Last Runtime    Last Run
--------------------------------------------  -----  ---------  --------  ----------  --------------  -------------------
/opt/airflow/dags/microscopy_clean_n_move.py    289  0.01s             1           0  0.10s           2026-02-05T11:31:37
================================================================================
[2026-02-05T11:32:38.033+0000] {manager.py:879} INFO - 
================================================================================
DAG File Processing Stats

File Path                                       PID  Runtime      # DAGs    # Errors  Last Runtime    Last Run
--------------------------------------------  -----  ---------  --------  ----------  --------------  -------------------
/opt/airflow/dags/microscopy_clean_n_move.py    294  0.01s             1           0  0.10s           2026-02-05T11:32:07
================================================================================
[2026-02-05T11:33:08.316+0000] {manager.py:879} INFO - 
================================================================================
DAG File Processing Stats

File Path                                       PID  Runtime      # DAGs    # Errors  Last Runtime    Last Run
--------------------------------------------  -----  ---------  --------  ----------  --------------  -------------------
/opt/airflow/dags/microscopy_clean_n_move.py    299  0.01s             1           0  0.10s           2026-02-05T11:32:38
================================================================================
[2026-02-05T11:33:38.633+0000] {manager.py:879} INFO - 
================================================================================
DAG File Processing Stats

File Path                                       PID  Runtime      # DAGs    # Errors  Last Runtime    Last Run
--------------------------------------------  -----  ---------  --------  ----------  --------------  -------------------
/opt/airflow/dags/microscopy_clean_n_move.py    304  0.00s             1           0  0.10s           2026-02-05T11:33:08
================================================================================
[2026-02-05T11:34:08.949+0000] {manager.py:879} INFO - 
================================================================================
DAG File Processing Stats

File Path                                       PID  Runtime      # DAGs    # Errors  Last Runtime    Last Run
--------------------------------------------  -----  ---------  --------  ----------  --------------  -------------------
/opt/airflow/dags/microscopy_clean_n_move.py    309  0.00s             1           0  0.11s           2026-02-05T11:33:38
================================================================================
[2026-02-05T11:34:39.308+0000] {manager.py:879} INFO - 
================================================================================
DAG File Processing Stats

File Path                                       PID  Runtime      # DAGs    # Errors  Last Runtime    Last Run
--------------------------------------------  -----  ---------  --------  ----------  --------------  -------------------
/opt/airflow/dags/microscopy_clean_n_move.py    314  0.01s             1           0  0.10s           2026-02-05T11:34:09
================================================================================
[2026-02-05T11:35:00.507+0000] {manager.py:738} INFO - Searching for files in /opt/airflow/dags
[2026-02-05T11:35:00.509+0000] {manager.py:741} INFO - There are 1 files in /opt/airflow/dags
[2026-02-05T11:35:09.613+0000] {manager.py:879} INFO - 
================================================================================
DAG File Processing Stats

File Path                                       PID  Runtime      # DAGs    # Errors  Last Runtime    Last Run
--------------------------------------------  -----  ---------  --------  ----------  --------------  -------------------
/opt/airflow/dags/microscopy_clean_n_move.py    319  0.01s             1           0  0.11s           2026-02-05T11:34:39
================================================================================
[2026-02-05T11:35:39.927+0000] {manager.py:879} INFO - 
================================================================================
DAG File Processing Stats

File Path                                       PID  Runtime      # DAGs    # Errors  Last Runtime    Last Run
--------------------------------------------  -----  ---------  --------  ----------  --------------  -------------------
/opt/airflow/dags/microscopy_clean_n_move.py    324  0.01s             1           0  0.11s           2026-02-05T11:35:09
================================================================================
[2026-02-05T11:36:10.239+0000] {manager.py:879} INFO - 
================================================================================
DAG File Processing Stats

File Path                                       PID  Runtime      # DAGs    # Errors  Last Runtime    Last Run
--------------------------------------------  -----  ---------  --------  ----------  --------------  -------------------
/opt/airflow/dags/microscopy_clean_n_move.py    329  0.01s             1           0  0.10s           2026-02-05T11:35:40
================================================================================
[2026-02-05T11:36:40.550+0000] {manager.py:879} INFO - 
================================================================================
DAG File Processing Stats

File Path                                       PID  Runtime      # DAGs    # Errors  Last Runtime    Last Run
--------------------------------------------  -----  ---------  --------  ----------  --------------  -------------------
/opt/airflow/dags/microscopy_clean_n_move.py    334  0.01s             1           0  0.11s           2026-02-05T11:36:10
================================================================================
[2026-02-05T11:37:10.884+0000] {manager.py:879} INFO - 
================================================================================
DAG File Processing Stats

File Path                                       PID  Runtime      # DAGs    # Errors  Last Runtime    Last Run
--------------------------------------------  -----  ---------  --------  ----------  --------------  -------------------
/opt/airflow/dags/microscopy_clean_n_move.py    339  0.01s             1           0  0.11s           2026-02-05T11:36:40
================================================================================
[2026-02-05T11:37:41.215+0000] {manager.py:879} INFO - 
================================================================================
DAG File Processing Stats

File Path                                       PID  Runtime      # DAGs    # Errors  Last Runtime    Last Run
--------------------------------------------  -----  ---------  --------  ----------  --------------  -------------------
/opt/airflow/dags/microscopy_clean_n_move.py    346  0.01s             1           0  0.10s           2026-02-05T11:37:10
================================================================================
[2026-02-05T11:38:11.499+0000] {manager.py:879} INFO - 
================================================================================
DAG File Processing Stats

File Path                                       PID  Runtime      # DAGs    # Errors  Last Runtime    Last Run
--------------------------------------------  -----  ---------  --------  ----------  --------------  -------------------
/opt/airflow/dags/microscopy_clean_n_move.py    351  0.01s             1           0  0.10s           2026-02-05T11:37:41
================================================================================
[2026-02-05T11:38:41.817+0000] {manager.py:879} INFO - 
================================================================================
DAG File Processing Stats

File Path                                       PID  Runtime      # DAGs    # Errors  Last Runtime    Last Run
--------------------------------------------  -----  ---------  --------  ----------  --------------  -------------------
/opt/airflow/dags/microscopy_clean_n_move.py    356  0.01s             1           0  0.10s           2026-02-05T11:38:11
================================================================================
[2026-02-05T11:39:12.095+0000] {manager.py:879} INFO - 
================================================================================
DAG File Processing Stats

File Path                                       PID  Runtime      # DAGs    # Errors  Last Runtime    Last Run
--------------------------------------------  -----  ---------  --------  ----------  --------------  -------------------
/opt/airflow/dags/microscopy_clean_n_move.py    361  0.01s             1           0  0.11s           2026-02-05T11:38:41
================================================================================
[2026-02-05T11:39:42.400+0000] {manager.py:879} INFO - 
================================================================================
DAG File Processing Stats

File Path                                       PID  Runtime      # DAGs    # Errors  Last Runtime    Last Run
--------------------------------------------  -----  ---------  --------  ----------  --------------  -------------------
/opt/airflow/dags/microscopy_clean_n_move.py    368  0.01s             1           0  0.11s           2026-02-05T11:39:12
================================================================================
[2026-02-05T11:40:00.592+0000] {manager.py:738} INFO - Searching for files in /opt/airflow/dags
[2026-02-05T11:40:00.593+0000] {manager.py:741} INFO - There are 1 files in /opt/airflow/dags
[2026-02-05T11:40:12.727+0000] {manager.py:879} INFO - 
================================================================================
DAG File Processing Stats

File Path                                       PID  Runtime      # DAGs    # Errors  Last Runtime    Last Run
--------------------------------------------  -----  ---------  --------  ----------  --------------  -------------------
/opt/airflow/dags/microscopy_clean_n_move.py    375  0.01s             1           0  0.11s           2026-02-05T11:39:42
================================================================================
[2026-02-05T11:40:43.040+0000] {manager.py:879} INFO - 
================================================================================
DAG File Processing Stats

File Path                                       PID  Runtime      # DAGs    # Errors  Last Runtime    Last Run
--------------------------------------------  -----  ---------  --------  ----------  --------------  -------------------
/opt/airflow/dags/microscopy_clean_n_move.py    380  0.01s             1           0  0.10s           2026-02-05T11:40:12
================================================================================
[2026-02-05T11:41:13.333+0000] {manager.py:879} INFO - 
================================================================================
DAG File Processing Stats

File Path                                       PID  Runtime      # DAGs    # Errors  Last Runtime    Last Run
--------------------------------------------  -----  ---------  --------  ----------  --------------  -------------------
/opt/airflow/dags/microscopy_clean_n_move.py    385  0.01s             1           0  0.10s           2026-02-05T11:40:43
================================================================================
[2026-02-05T11:41:43.664+0000] {manager.py:879} INFO - 
================================================================================
DAG File Processing Stats

File Path                                       PID  Runtime      # DAGs    # Errors  Last Runtime    Last Run
--------------------------------------------  -----  ---------  --------  ----------  --------------  -------------------
/opt/airflow/dags/microscopy_clean_n_move.py    390  0.01s             1           0  0.10s           2026-02-05T11:41:13
================================================================================
[2026-02-05T11:42:13.938+0000] {manager.py:879} INFO - 
================================================================================
DAG File Processing Stats

File Path                                       PID  Runtime      # DAGs    # Errors  Last Runtime    Last Run
--------------------------------------------  -----  ---------  --------  ----------  --------------  -------------------
/opt/airflow/dags/microscopy_clean_n_move.py    395  0.00s             1           0  0.10s           2026-02-05T11:41:43
================================================================================
[2026-02-05T11:42:44.266+0000] {manager.py:879} INFO - 
================================================================================
DAG File Processing Stats

File Path                                       PID  Runtime      # DAGs    # Errors  Last Runtime    Last Run
--------------------------------------------  -----  ---------  --------  ----------  --------------  -------------------
/opt/airflow/dags/microscopy_clean_n_move.py    400  0.01s             1           0  0.10s           2026-02-05T11:42:14
================================================================================
[2026-02-05T11:43:14.634+0000] {manager.py:879} INFO - 
================================================================================
DAG File Processing Stats

File Path                                     PID    Runtime      # DAGs    # Errors  Last Runtime    Last Run
--------------------------------------------  -----  ---------  --------  ----------  --------------  -------------------
/opt/airflow/dags/microscopy_clean_n_move.py                           1           0  0.11s           2026-02-05T11:43:04
================================================================================
[2026-02-05T11:43:44.950+0000] {manager.py:879} INFO - 
================================================================================
DAG File Processing Stats

File Path                                     PID    Runtime      # DAGs    # Errors  Last Runtime    Last Run
--------------------------------------------  -----  ---------  --------  ----------  --------------  -------------------
/opt/airflow/dags/microscopy_clean_n_move.py                           1           0  0.06s           2026-02-05T11:43:34
================================================================================
[2026-02-05T11:44:15.251+0000] {manager.py:879} INFO - 
================================================================================
DAG File Processing Stats

File Path                                     PID    Runtime      # DAGs    # Errors  Last Runtime    Last Run
--------------------------------------------  -----  ---------  --------  ----------  --------------  -------------------
/opt/airflow/dags/microscopy_clean_n_move.py                           1           0  0.10s           2026-02-05T11:44:05
================================================================================
[2026-02-05T11:44:45.609+0000] {manager.py:879} INFO - 
================================================================================
DAG File Processing Stats

File Path                                     PID    Runtime      # DAGs    # Errors  Last Runtime    Last Run
--------------------------------------------  -----  ---------  --------  ----------  --------------  -------------------
/opt/airflow/dags/microscopy_clean_n_move.py                           1           0  0.10s           2026-02-05T11:44:35
================================================================================
[2026-02-05T11:45:00.753+0000] {manager.py:738} INFO - Searching for files in /opt/airflow/dags
[2026-02-05T11:45:00.758+0000] {manager.py:741} INFO - There are 1 files in /opt/airflow/dags
[2026-02-05T11:45:15.926+0000] {manager.py:879} INFO - 
================================================================================
DAG File Processing Stats

File Path                                     PID    Runtime      # DAGs    # Errors  Last Runtime    Last Run
--------------------------------------------  -----  ---------  --------  ----------  --------------  -------------------
/opt/airflow/dags/microscopy_clean_n_move.py                           1           0  0.11s           2026-02-05T11:45:05
================================================================================
[2026-02-05T11:45:46.293+0000] {manager.py:879} INFO - 
================================================================================
DAG File Processing Stats

File Path                                     PID    Runtime      # DAGs    # Errors  Last Runtime    Last Run
--------------------------------------------  -----  ---------  --------  ----------  --------------  -------------------
/opt/airflow/dags/microscopy_clean_n_move.py                           1           0  0.10s           2026-02-05T11:45:36
================================================================================
[2026-02-05T11:46:16.614+0000] {manager.py:879} INFO - 
================================================================================
DAG File Processing Stats

File Path                                     PID    Runtime      # DAGs    # Errors  Last Runtime    Last Run
--------------------------------------------  -----  ---------  --------  ----------  --------------  -------------------
/opt/airflow/dags/microscopy_clean_n_move.py                           1           0  0.10s           2026-02-05T11:46:06
================================================================================
[2026-02-05T11:46:46.950+0000] {manager.py:879} INFO - 
================================================================================
DAG File Processing Stats

File Path                                     PID    Runtime      # DAGs    # Errors  Last Runtime    Last Run
--------------------------------------------  -----  ---------  --------  ----------  --------------  -------------------
/opt/airflow/dags/microscopy_clean_n_move.py                           1           0  0.10s           2026-02-05T11:46:36
================================================================================
[2026-02-05T11:47:17.251+0000] {manager.py:879} INFO - 
================================================================================
DAG File Processing Stats

File Path                                     PID    Runtime      # DAGs    # Errors  Last Runtime    Last Run
--------------------------------------------  -----  ---------  --------  ----------  --------------  -------------------
/opt/airflow/dags/microscopy_clean_n_move.py                           1           0  0.10s           2026-02-05T11:47:07
================================================================================
[2026-02-05T11:47:47.552+0000] {manager.py:879} INFO - 
================================================================================
DAG File Processing Stats

File Path                                     PID    Runtime      # DAGs    # Errors  Last Runtime    Last Run
--------------------------------------------  -----  ---------  --------  ----------  --------------  -------------------
/opt/airflow/dags/microscopy_clean_n_move.py                           1           0  0.10s           2026-02-05T11:47:37
================================================================================
[2026-02-05T11:48:17.943+0000] {manager.py:879} INFO - 
================================================================================
DAG File Processing Stats

File Path                                     PID    Runtime      # DAGs    # Errors  Last Runtime    Last Run
--------------------------------------------  -----  ---------  --------  ----------  --------------  -------------------
/opt/airflow/dags/microscopy_clean_n_move.py                           1           0  0.10s           2026-02-05T11:48:07
================================================================================
[2026-02-05T11:48:48.278+0000] {manager.py:879} INFO - 
================================================================================
DAG File Processing Stats

File Path                                     PID    Runtime      # DAGs    # Errors  Last Runtime    Last Run
--------------------------------------------  -----  ---------  --------  ----------  --------------  -------------------
/opt/airflow/dags/microscopy_clean_n_move.py                           1           0  0.11s           2026-02-05T11:48:38
================================================================================
[2026-02-05T11:49:18.603+0000] {manager.py:879} INFO - 
================================================================================
DAG File Processing Stats

File Path                                     PID    Runtime      # DAGs    # Errors  Last Runtime    Last Run
--------------------------------------------  -----  ---------  --------  ----------  --------------  -------------------
/opt/airflow/dags/microscopy_clean_n_move.py                           1           0  0.10s           2026-02-05T11:49:08
================================================================================
[2026-02-05T11:49:48.929+0000] {manager.py:879} INFO - 
================================================================================
DAG File Processing Stats

File Path                                     PID    Runtime      # DAGs    # Errors  Last Runtime    Last Run
--------------------------------------------  -----  ---------  --------  ----------  --------------  -------------------
/opt/airflow/dags/microscopy_clean_n_move.py                           1           0  0.10s           2026-02-05T11:49:38
================================================================================
[2026-02-05T11:50:01.059+0000] {manager.py:738} INFO - Searching for files in /opt/airflow/dags
[2026-02-05T11:50:01.064+0000] {manager.py:741} INFO - There are 1 files in /opt/airflow/dags
[2026-02-05T11:50:19.278+0000] {manager.py:879} INFO - 
================================================================================
DAG File Processing Stats

File Path                                     PID    Runtime      # DAGs    # Errors  Last Runtime    Last Run
--------------------------------------------  -----  ---------  --------  ----------  --------------  -------------------
/opt/airflow/dags/microscopy_clean_n_move.py                           1           0  0.09s           2026-02-05T11:50:09
================================================================================
[2026-02-05T11:50:49.620+0000] {manager.py:879} INFO - 
================================================================================
DAG File Processing Stats

File Path                                     PID    Runtime      # DAGs    # Errors  Last Runtime    Last Run
--------------------------------------------  -----  ---------  --------  ----------  --------------  -------------------
/opt/airflow/dags/microscopy_clean_n_move.py                           1           0  0.10s           2026-02-05T11:50:39
================================================================================
[2026-02-05T11:51:19.939+0000] {manager.py:879} INFO - 
================================================================================
DAG File Processing Stats

File Path                                     PID    Runtime      # DAGs    # Errors  Last Runtime    Last Run
--------------------------------------------  -----  ---------  --------  ----------  --------------  -------------------
/opt/airflow/dags/microscopy_clean_n_move.py                           1           0  0.09s           2026-02-05T11:51:09
================================================================================
[2026-02-05T11:51:50.269+0000] {manager.py:879} INFO - 
================================================================================
DAG File Processing Stats

File Path                                     PID    Runtime      # DAGs    # Errors  Last Runtime    Last Run
--------------------------------------------  -----  ---------  --------  ----------  --------------  -------------------
/opt/airflow/dags/microscopy_clean_n_move.py                           1           0  0.10s           2026-02-05T11:51:40
================================================================================
[2026-02-05T11:52:20.597+0000] {manager.py:879} INFO - 
================================================================================
DAG File Processing Stats

File Path                                     PID    Runtime      # DAGs    # Errors  Last Runtime    Last Run
--------------------------------------------  -----  ---------  --------  ----------  --------------  -------------------
/opt/airflow/dags/microscopy_clean_n_move.py                           1           0  0.12s           2026-02-05T11:52:10
================================================================================
[2026-02-05T11:52:50.933+0000] {manager.py:879} INFO - 
================================================================================
DAG File Processing Stats

File Path                                     PID    Runtime      # DAGs    # Errors  Last Runtime    Last Run
--------------------------------------------  -----  ---------  --------  ----------  --------------  -------------------
/opt/airflow/dags/microscopy_clean_n_move.py                           1           0  0.13s           2026-02-05T11:52:40
================================================================================
[2026-02-05T11:53:21.287+0000] {manager.py:879} INFO - 
================================================================================
DAG File Processing Stats

File Path                                     PID    Runtime      # DAGs    # Errors  Last Runtime    Last Run
--------------------------------------------  -----  ---------  --------  ----------  --------------  -------------------
/opt/airflow/dags/microscopy_clean_n_move.py                           1           0  0.11s           2026-02-05T11:53:11
================================================================================
[2026-02-05T11:53:51.599+0000] {manager.py:879} INFO - 
================================================================================
DAG File Processing Stats

File Path                                     PID    Runtime      # DAGs    # Errors  Last Runtime    Last Run
--------------------------------------------  -----  ---------  --------  ----------  --------------  -------------------
/opt/airflow/dags/microscopy_clean_n_move.py                           1           0  0.10s           2026-02-05T11:53:41
================================================================================
[2026-02-05T11:54:21.907+0000] {manager.py:879} INFO - 
================================================================================
DAG File Processing Stats

File Path                                     PID    Runtime      # DAGs    # Errors  Last Runtime    Last Run
--------------------------------------------  -----  ---------  --------  ----------  --------------  -------------------
/opt/airflow/dags/microscopy_clean_n_move.py                           1           0  0.10s           2026-02-05T11:54:11
================================================================================
[2026-02-05T11:54:52.222+0000] {manager.py:879} INFO - 
================================================================================
DAG File Processing Stats

File Path                                     PID    Runtime      # DAGs    # Errors  Last Runtime    Last Run
--------------------------------------------  -----  ---------  --------  ----------  --------------  -------------------
/opt/airflow/dags/microscopy_clean_n_move.py                           1           0  0.10s           2026-02-05T11:54:42
================================================================================
[2026-02-05T11:55:01.308+0000] {manager.py:738} INFO - Searching for files in /opt/airflow/dags
[2026-02-05T11:55:01.315+0000] {manager.py:741} INFO - There are 1 files in /opt/airflow/dags
[2026-02-05T11:55:22.623+0000] {manager.py:879} INFO - 
================================================================================
DAG File Processing Stats

File Path                                     PID    Runtime      # DAGs    # Errors  Last Runtime    Last Run
--------------------------------------------  -----  ---------  --------  ----------  --------------  -------------------
/opt/airflow/dags/microscopy_clean_n_move.py                           1           0  0.13s           2026-02-05T11:55:20
================================================================================
[2026-02-05T11:55:52.936+0000] {manager.py:879} INFO - 
================================================================================
DAG File Processing Stats

File Path                                     PID    Runtime      # DAGs    # Errors  Last Runtime    Last Run
--------------------------------------------  -----  ---------  --------  ----------  --------------  -------------------
/opt/airflow/dags/microscopy_clean_n_move.py                           1           0  0.12s           2026-02-05T11:55:50
================================================================================
[2026-02-05T11:56:23.256+0000] {manager.py:879} INFO - 
================================================================================
DAG File Processing Stats

File Path                                     PID    Runtime      # DAGs    # Errors  Last Runtime    Last Run
--------------------------------------------  -----  ---------  --------  ----------  --------------  -------------------
/opt/airflow/dags/microscopy_clean_n_move.py                           1           0  0.10s           2026-02-05T11:56:21
================================================================================
[2026-02-05T11:56:53.576+0000] {manager.py:879} INFO - 
================================================================================
DAG File Processing Stats

File Path                                     PID    Runtime      # DAGs    # Errors  Last Runtime    Last Run
--------------------------------------------  -----  ---------  --------  ----------  --------------  -------------------
/opt/airflow/dags/microscopy_clean_n_move.py                           1           0  0.10s           2026-02-05T11:56:51
================================================================================
[2026-02-05T11:57:23.898+0000] {manager.py:879} INFO - 
================================================================================
DAG File Processing Stats

File Path                                     PID    Runtime      # DAGs    # Errors  Last Runtime    Last Run
--------------------------------------------  -----  ---------  --------  ----------  --------------  -------------------
/opt/airflow/dags/microscopy_clean_n_move.py                           1           0  0.12s           2026-02-05T11:57:21
================================================================================
[2026-02-05T11:57:54.224+0000] {manager.py:879} INFO - 
================================================================================
DAG File Processing Stats

File Path                                     PID    Runtime      # DAGs    # Errors  Last Runtime    Last Run
--------------------------------------------  -----  ---------  --------  ----------  --------------  -------------------
/opt/airflow/dags/microscopy_clean_n_move.py                           1           0  0.10s           2026-02-05T11:57:52
================================================================================
[2026-02-05T11:58:24.524+0000] {manager.py:879} INFO - 
================================================================================
DAG File Processing Stats

File Path                                     PID    Runtime      # DAGs    # Errors  Last Runtime    Last Run
--------------------------------------------  -----  ---------  --------  ----------  --------------  -------------------
/opt/airflow/dags/microscopy_clean_n_move.py                           1           0  0.11s           2026-02-05T11:58:22
================================================================================
[2026-02-05T11:58:54.831+0000] {manager.py:879} INFO - 
================================================================================
DAG File Processing Stats

File Path                                     PID    Runtime      # DAGs    # Errors  Last Runtime    Last Run
--------------------------------------------  -----  ---------  --------  ----------  --------------  -------------------
/opt/airflow/dags/microscopy_clean_n_move.py                           1           0  0.09s           2026-02-05T11:58:52
================================================================================
[2026-02-05T11:59:25.143+0000] {manager.py:879} INFO - 
================================================================================
DAG File Processing Stats

File Path                                     PID    Runtime      # DAGs    # Errors  Last Runtime    Last Run
--------------------------------------------  -----  ---------  --------  ----------  --------------  -------------------
/opt/airflow/dags/microscopy_clean_n_move.py                           1           0  0.10s           2026-02-05T11:59:23
================================================================================
[2026-02-05T11:59:55.460+0000] {manager.py:879} INFO - 
================================================================================
DAG File Processing Stats

File Path                                     PID    Runtime      # DAGs    # Errors  Last Runtime    Last Run
--------------------------------------------  -----  ---------  --------  ----------  --------------  -------------------
/opt/airflow/dags/microscopy_clean_n_move.py                           1           0  0.13s           2026-02-05T11:59:53
================================================================================
[2026-02-05T12:00:01.518+0000] {manager.py:738} INFO - Searching for files in /opt/airflow/dags
[2026-02-05T12:00:01.524+0000] {manager.py:741} INFO - There are 1 files in /opt/airflow/dags
[2026-02-05T12:00:25.814+0000] {manager.py:879} INFO - 
================================================================================
DAG File Processing Stats

File Path                                     PID    Runtime      # DAGs    # Errors  Last Runtime    Last Run
--------------------------------------------  -----  ---------  --------  ----------  --------------  -------------------
/opt/airflow/dags/microscopy_clean_n_move.py                           1           0  0.11s           2026-02-05T12:00:23
================================================================================
[2026-02-05T12:00:56.082+0000] {manager.py:879} INFO - 
================================================================================
DAG File Processing Stats

File Path                                     PID    Runtime      # DAGs    # Errors  Last Runtime    Last Run
--------------------------------------------  -----  ---------  --------  ----------  --------------  -------------------
/opt/airflow/dags/microscopy_clean_n_move.py                           1           0  0.09s           2026-02-05T12:00:54
================================================================================
[2026-02-05T12:01:26.393+0000] {manager.py:879} INFO - 
================================================================================
DAG File Processing Stats

File Path                                     PID    Runtime      # DAGs    # Errors  Last Runtime    Last Run
--------------------------------------------  -----  ---------  --------  ----------  --------------  -------------------
/opt/airflow/dags/microscopy_clean_n_move.py                           1           0  0.13s           2026-02-05T12:01:24
================================================================================
[2026-02-05T12:01:56.713+0000] {manager.py:879} INFO - 
================================================================================
DAG File Processing Stats

File Path                                     PID    Runtime      # DAGs    # Errors  Last Runtime    Last Run
--------------------------------------------  -----  ---------  --------  ----------  --------------  -------------------
/opt/airflow/dags/microscopy_clean_n_move.py                           1           0  0.10s           2026-02-05T12:01:54
================================================================================
[2026-02-05T12:02:27.024+0000] {manager.py:879} INFO - 
================================================================================
DAG File Processing Stats

File Path                                     PID    Runtime      # DAGs    # Errors  Last Runtime    Last Run
--------------------------------------------  -----  ---------  --------  ----------  --------------  -------------------
/opt/airflow/dags/microscopy_clean_n_move.py                           1           0  0.10s           2026-02-05T12:02:11
================================================================================
[2026-02-05T12:02:57.336+0000] {manager.py:879} INFO - 
================================================================================
DAG File Processing Stats

File Path                                     PID    Runtime      # DAGs    # Errors  Last Runtime    Last Run
--------------------------------------------  -----  ---------  --------  ----------  --------------  -------------------
/opt/airflow/dags/microscopy_clean_n_move.py                           1           0  0.11s           2026-02-05T12:02:42
================================================================================
[2026-02-05T12:03:27.652+0000] {manager.py:879} INFO - 
================================================================================
DAG File Processing Stats

File Path                                     PID    Runtime      # DAGs    # Errors  Last Runtime    Last Run
--------------------------------------------  -----  ---------  --------  ----------  --------------  -------------------
/opt/airflow/dags/microscopy_clean_n_move.py                           1           0  0.10s           2026-02-05T12:03:12
================================================================================
[2026-02-05T12:03:57.956+0000] {manager.py:879} INFO - 
================================================================================
DAG File Processing Stats

File Path                                     PID    Runtime      # DAGs    # Errors  Last Runtime    Last Run
--------------------------------------------  -----  ---------  --------  ----------  --------------  -------------------
/opt/airflow/dags/microscopy_clean_n_move.py                           1           0  0.11s           2026-02-05T12:03:42
================================================================================
[2026-02-05T12:04:28.267+0000] {manager.py:879} INFO - 
================================================================================
DAG File Processing Stats

File Path                                     PID    Runtime      # DAGs    # Errors  Last Runtime    Last Run
--------------------------------------------  -----  ---------  --------  ----------  --------------  -------------------
/opt/airflow/dags/microscopy_clean_n_move.py                           1           0  0.10s           2026-02-05T12:04:13
================================================================================
[2026-02-05T12:04:58.575+0000] {manager.py:879} INFO - 
================================================================================
DAG File Processing Stats

File Path                                     PID    Runtime      # DAGs    # Errors  Last Runtime    Last Run
--------------------------------------------  -----  ---------  --------  ----------  --------------  -------------------
/opt/airflow/dags/microscopy_clean_n_move.py                           1           0  0.11s           2026-02-05T12:04:43
================================================================================
[2026-02-05T12:05:01.601+0000] {manager.py:738} INFO - Searching for files in /opt/airflow/dags
[2026-02-05T12:05:01.605+0000] {manager.py:741} INFO - There are 1 files in /opt/airflow/dags
[2026-02-05T12:05:28.899+0000] {manager.py:879} INFO - 
================================================================================
DAG File Processing Stats

File Path                                     PID    Runtime      # DAGs    # Errors  Last Runtime    Last Run
--------------------------------------------  -----  ---------  --------  ----------  --------------  -------------------
/opt/airflow/dags/microscopy_clean_n_move.py                           1           0  0.10s           2026-02-05T12:05:13
================================================================================
[2026-02-05T12:05:59.216+0000] {manager.py:879} INFO - 
================================================================================
DAG File Processing Stats

File Path                                     PID    Runtime      # DAGs    # Errors  Last Runtime    Last Run
--------------------------------------------  -----  ---------  --------  ----------  --------------  -------------------
/opt/airflow/dags/microscopy_clean_n_move.py                           1           0  0.10s           2026-02-05T12:05:44
================================================================================
[2026-02-05T12:06:29.518+0000] {manager.py:879} INFO - 
================================================================================
DAG File Processing Stats

File Path                                     PID    Runtime      # DAGs    # Errors  Last Runtime    Last Run
--------------------------------------------  -----  ---------  --------  ----------  --------------  -------------------
/opt/airflow/dags/microscopy_clean_n_move.py                           1           0  0.11s           2026-02-05T12:06:14
================================================================================
[2026-02-05T12:06:59.843+0000] {manager.py:879} INFO - 
================================================================================
DAG File Processing Stats

File Path                                     PID    Runtime      # DAGs    # Errors  Last Runtime    Last Run
--------------------------------------------  -----  ---------  --------  ----------  --------------  -------------------
/opt/airflow/dags/microscopy_clean_n_move.py                           1           0  0.11s           2026-02-05T12:06:44
================================================================================
[2026-02-05T12:07:30.121+0000] {manager.py:879} INFO - 
================================================================================
DAG File Processing Stats

File Path                                     PID    Runtime      # DAGs    # Errors  Last Runtime    Last Run
--------------------------------------------  -----  ---------  --------  ----------  --------------  -------------------
/opt/airflow/dags/microscopy_clean_n_move.py                           1           0  0.10s           2026-02-05T12:07:15
================================================================================
[2026-02-05T12:08:00.359+0000] {manager.py:879} INFO - 
================================================================================
DAG File Processing Stats

File Path                                     PID    Runtime      # DAGs    # Errors  Last Runtime    Last Run
--------------------------------------------  -----  ---------  --------  ----------  --------------  -------------------
/opt/airflow/dags/microscopy_clean_n_move.py                           1           0  0.10s           2026-02-05T12:07:45
================================================================================
[2026-02-05T12:08:30.732+0000] {manager.py:879} INFO - 
================================================================================
DAG File Processing Stats

File Path                                     PID    Runtime      # DAGs    # Errors  Last Runtime    Last Run
--------------------------------------------  -----  ---------  --------  ----------  --------------  -------------------
/opt/airflow/dags/microscopy_clean_n_move.py                           1           0  0.10s           2026-02-05T12:08:15
================================================================================
[2026-02-05T12:09:01.034+0000] {manager.py:879} INFO - 
================================================================================
DAG File Processing Stats

File Path                                     PID    Runtime      # DAGs    # Errors  Last Runtime    Last Run
--------------------------------------------  -----  ---------  --------  ----------  --------------  -------------------
/opt/airflow/dags/microscopy_clean_n_move.py                           1           0  0.11s           2026-02-05T12:08:41
================================================================================
[2026-02-05T12:09:31.382+0000] {manager.py:879} INFO - 
================================================================================
DAG File Processing Stats

File Path                                     PID    Runtime      # DAGs    # Errors  Last Runtime    Last Run
--------------------------------------------  -----  ---------  --------  ----------  --------------  -------------------
/opt/airflow/dags/microscopy_clean_n_move.py                           1           0  0.09s           2026-02-05T12:09:12
================================================================================
[2026-02-05T12:10:01.674+0000] {manager.py:738} INFO - Searching for files in /opt/airflow/dags
[2026-02-05T12:10:01.682+0000] {manager.py:741} INFO - There are 1 files in /opt/airflow/dags
[2026-02-05T12:10:01.692+0000] {manager.py:879} INFO - 
================================================================================
DAG File Processing Stats

File Path                                     PID    Runtime      # DAGs    # Errors  Last Runtime    Last Run
--------------------------------------------  -----  ---------  --------  ----------  --------------  -------------------
/opt/airflow/dags/microscopy_clean_n_move.py                           1           0  0.10s           2026-02-05T12:09:42
================================================================================
[2026-02-05T12:10:31.985+0000] {manager.py:879} INFO - 
================================================================================
DAG File Processing Stats

File Path                                     PID    Runtime      # DAGs    # Errors  Last Runtime    Last Run
--------------------------------------------  -----  ---------  --------  ----------  --------------  -------------------
/opt/airflow/dags/microscopy_clean_n_move.py                           1           0  0.11s           2026-02-05T12:10:12
================================================================================
[2026-02-05T12:11:02.289+0000] {manager.py:879} INFO - 
================================================================================
DAG File Processing Stats

File Path                                     PID    Runtime      # DAGs    # Errors  Last Runtime    Last Run
--------------------------------------------  -----  ---------  --------  ----------  --------------  -------------------
/opt/airflow/dags/microscopy_clean_n_move.py                           1           0  0.10s           2026-02-05T12:10:43
================================================================================
[2026-02-05T12:11:32.656+0000] {manager.py:879} INFO - 
================================================================================
DAG File Processing Stats

File Path                                     PID    Runtime      # DAGs    # Errors  Last Runtime    Last Run
--------------------------------------------  -----  ---------  --------  ----------  --------------  -------------------
/opt/airflow/dags/microscopy_clean_n_move.py                           1           0  0.10s           2026-02-05T12:11:13
================================================================================
[2026-02-05T12:12:02.956+0000] {manager.py:879} INFO - 
================================================================================
DAG File Processing Stats

File Path                                     PID    Runtime      # DAGs    # Errors  Last Runtime    Last Run
--------------------------------------------  -----  ---------  --------  ----------  --------------  -------------------
/opt/airflow/dags/microscopy_clean_n_move.py                           1           0  0.09s           2026-02-05T12:11:43
================================================================================
[2026-02-05T12:12:33.262+0000] {manager.py:879} INFO - 
================================================================================
DAG File Processing Stats

File Path                                     PID    Runtime      # DAGs    # Errors  Last Runtime    Last Run
--------------------------------------------  -----  ---------  --------  ----------  --------------  -------------------
/opt/airflow/dags/microscopy_clean_n_move.py                           1           0  0.11s           2026-02-05T12:12:14
================================================================================
[2026-02-05T12:13:03.594+0000] {manager.py:879} INFO - 
================================================================================
DAG File Processing Stats

File Path                                     PID    Runtime      # DAGs    # Errors  Last Runtime    Last Run
--------------------------------------------  -----  ---------  --------  ----------  --------------  -------------------
/opt/airflow/dags/microscopy_clean_n_move.py                           1           0  0.11s           2026-02-05T12:12:44
================================================================================
[2026-02-05T12:13:33.925+0000] {manager.py:879} INFO - 
================================================================================
DAG File Processing Stats

File Path                                     PID    Runtime      # DAGs    # Errors  Last Runtime    Last Run
--------------------------------------------  -----  ---------  --------  ----------  --------------  -------------------
/opt/airflow/dags/microscopy_clean_n_move.py                           1           0  0.11s           2026-02-05T12:13:14
================================================================================
[2026-02-05T12:14:04.240+0000] {manager.py:879} INFO - 
================================================================================
DAG File Processing Stats

File Path                                     PID    Runtime      # DAGs    # Errors  Last Runtime    Last Run
--------------------------------------------  -----  ---------  --------  ----------  --------------  -------------------
/opt/airflow/dags/microscopy_clean_n_move.py                           1           0  0.10s           2026-02-05T12:13:45
================================================================================
[2026-02-05T12:14:34.540+0000] {manager.py:879} INFO - 
================================================================================
DAG File Processing Stats

File Path                                     PID    Runtime      # DAGs    # Errors  Last Runtime    Last Run
--------------------------------------------  -----  ---------  --------  ----------  --------------  -------------------
/opt/airflow/dags/microscopy_clean_n_move.py                           1           0  0.10s           2026-02-05T12:14:15
================================================================================
[2026-02-05T12:15:01.846+0000] {manager.py:738} INFO - Searching for files in /opt/airflow/dags
[2026-02-05T12:15:01.850+0000] {manager.py:741} INFO - There are 1 files in /opt/airflow/dags
[2026-02-05T12:15:04.885+0000] {manager.py:879} INFO - 
================================================================================
DAG File Processing Stats

File Path                                     PID    Runtime      # DAGs    # Errors  Last Runtime    Last Run
--------------------------------------------  -----  ---------  --------  ----------  --------------  -------------------
/opt/airflow/dags/microscopy_clean_n_move.py                           1           0  0.10s           2026-02-05T12:14:45
================================================================================
[2026-02-05T12:15:35.156+0000] {manager.py:879} INFO - 
================================================================================
DAG File Processing Stats

File Path                                     PID    Runtime      # DAGs    # Errors  Last Runtime    Last Run
--------------------------------------------  -----  ---------  --------  ----------  --------------  -------------------
/opt/airflow/dags/microscopy_clean_n_move.py                           1           0  0.11s           2026-02-05T12:15:16
================================================================================
[2026-02-05T12:16:05.529+0000] {manager.py:879} INFO - 
================================================================================
DAG File Processing Stats

File Path                                     PID    Runtime      # DAGs    # Errors  Last Runtime    Last Run
--------------------------------------------  -----  ---------  --------  ----------  --------------  -------------------
/opt/airflow/dags/microscopy_clean_n_move.py                           1           0  0.10s           2026-02-05T12:15:46
================================================================================
