[2026-02-05T11:37:23.398+0000] {taskinstance.py:1979} INFO - Dependencies all met for dep_context=non-requeueable deps ti=<TaskInstance: microscopy_cleanup_n_copy.cleanup_minio_storage scheduled__2026-02-05T11:30:00+00:00 [queued]>
[2026-02-05T11:37:23.400+0000] {taskinstance.py:1979} INFO - Dependencies all met for dep_context=requeueable deps ti=<TaskInstance: microscopy_cleanup_n_copy.cleanup_minio_storage scheduled__2026-02-05T11:30:00+00:00 [queued]>
[2026-02-05T11:37:23.401+0000] {taskinstance.py:2193} INFO - Starting attempt 1 of 1
[2026-02-05T11:37:23.406+0000] {taskinstance.py:2217} INFO - Executing <Task(PythonOperator): cleanup_minio_storage> on 2026-02-05 11:30:00+00:00
[2026-02-05T11:37:23.408+0000] {standard_task_runner.py:60} INFO - Started process 345 to run task
[2026-02-05T11:37:23.409+0000] {standard_task_runner.py:87} INFO - Running: ['airflow', 'tasks', 'run', '***_cleanup_n_copy', 'cleanup_minio_storage', 'scheduled__2026-02-05T11:30:00+00:00', '--job-id', '3', '--raw', '--subdir', 'DAGS_FOLDER/***_clean_n_move.py', '--cfg-path', '/tmp/tmpsg90pwmg']
[2026-02-05T11:37:23.410+0000] {standard_task_runner.py:88} INFO - Job 3: Subtask cleanup_minio_storage
[2026-02-05T11:37:23.428+0000] {task_command.py:423} INFO - Running <TaskInstance: microscopy_cleanup_n_copy.cleanup_minio_storage scheduled__2026-02-05T11:30:00+00:00 [running]> on host aaf8a9796a42
[2026-02-05T11:37:23.458+0000] {taskinstance.py:2513} INFO - Exporting env vars: AIRFLOW_CTX_DAG_OWNER='airflow' AIRFLOW_CTX_DAG_ID='***_cleanup_n_copy' AIRFLOW_CTX_TASK_ID='cleanup_minio_storage' AIRFLOW_CTX_EXECUTION_DATE='2026-02-05T11:30:00+00:00' AIRFLOW_CTX_TRY_NUMBER='1' AIRFLOW_CTX_DAG_RUN_ID='scheduled__2026-02-05T11:30:00+00:00'
[2026-02-05T11:37:23.461+0000] {base.py:83} INFO - Using connection ID '***_postgres' for task execution.
[2026-02-05T11:37:23.462+0000] {taskinstance.py:2731} ERROR - Task failed with exception
Traceback (most recent call last):
  File "/home/airflow/.local/lib/python3.8/site-packages/airflow/models/taskinstance.py", line 444, in _execute_task
    result = _execute_callable(context=context, **execute_callable_kwargs)
  File "/home/airflow/.local/lib/python3.8/site-packages/airflow/models/taskinstance.py", line 414, in _execute_callable
    return execute_callable(context=context, **execute_callable_kwargs)
  File "/home/airflow/.local/lib/python3.8/site-packages/airflow/operators/python.py", line 200, in execute
    return_value = self.execute_callable()
  File "/home/airflow/.local/lib/python3.8/site-packages/airflow/operators/python.py", line 217, in execute_callable
    return self.python_callable(*self.op_args, **self.op_kwargs)
  File "/opt/airflow/dags/microscopy_clean_n_move.py", line 11, in cleanup_minio
    no_flags = pg.get_records("""
  File "/home/airflow/.local/lib/python3.8/site-packages/airflow/providers/common/sql/hooks/sql.py", line 267, in get_records
    return self.run(sql=sql, parameters=parameters, handler=fetch_all_handler)
  File "/home/airflow/.local/lib/python3.8/site-packages/airflow/providers/common/sql/hooks/sql.py", line 397, in run
    with closing(self.get_conn()) as conn:
  File "/home/airflow/.local/lib/python3.8/site-packages/airflow/providers/postgres/hooks/postgres.py", line 161, in get_conn
    self.conn = psycopg2.connect(**conn_args)
  File "/home/airflow/.local/lib/python3.8/site-packages/psycopg2/__init__.py", line 122, in connect
    conn = _connect(dsn, connection_factory=connection_factory, **kwasync)
psycopg2.OperationalError: connection to server at "localhost" (::1), port 5432 failed: Connection refused
	Is the server running on that host and accepting TCP/IP connections?
connection to server at "localhost" (127.0.0.1), port 5432 failed: Connection refused
	Is the server running on that host and accepting TCP/IP connections?

[2026-02-05T11:37:23.465+0000] {taskinstance.py:1149} INFO - Marking task as FAILED. dag_id=***_cleanup_n_copy, task_id=cleanup_minio_storage, execution_date=20260205T113000, start_date=20260205T113723, end_date=20260205T113723
[2026-02-05T11:37:23.472+0000] {standard_task_runner.py:107} ERROR - Failed to execute job 3 for task cleanup_minio_storage (connection to server at "localhost" (::1), port 5432 failed: Connection refused
	Is the server running on that host and accepting TCP/IP connections?
connection to server at "localhost" (127.0.0.1), port 5432 failed: Connection refused
	Is the server running on that host and accepting TCP/IP connections?
; 345)
[2026-02-05T11:37:23.515+0000] {local_task_job_runner.py:234} INFO - Task exited with return code 1
[2026-02-05T11:37:23.521+0000] {taskinstance.py:3312} INFO - 0 downstream tasks scheduled from follow-on schedule check
