[2026-02-04T12:47:30.395+0000] {manager.py:469} INFO - Processing files using up to 2 processes at a time 
[2026-02-04T12:47:30.395+0000] {manager.py:470} INFO - Process each file at most once every 30 seconds
[2026-02-04T12:47:30.395+0000] {manager.py:471} INFO - Checking for new files in /opt/airflow/dags every 300 seconds
[2026-02-04T12:47:30.395+0000] {manager.py:738} INFO - Searching for files in /opt/airflow/dags
[2026-02-04T12:47:30.396+0000] {manager.py:741} INFO - There are 0 files in /opt/airflow/dags
[2026-02-04T12:51:25.037+0000] {manager.py:451} INFO - Exiting gracefully upon receiving signal 15
[2026-02-04T12:52:03.200+0000] {manager.py:469} INFO - Processing files using up to 2 processes at a time 
[2026-02-04T12:52:03.201+0000] {manager.py:470} INFO - Process each file at most once every 30 seconds
[2026-02-04T12:52:03.201+0000] {manager.py:471} INFO - Checking for new files in /opt/airflow/dags every 300 seconds
[2026-02-04T12:52:03.201+0000] {manager.py:738} INFO - Searching for files in /opt/airflow/dags
[2026-02-04T12:52:03.201+0000] {manager.py:741} INFO - There are 0 files in /opt/airflow/dags
[2026-02-04T12:57:03.985+0000] {manager.py:738} INFO - Searching for files in /opt/airflow/dags
[2026-02-04T12:57:03.990+0000] {manager.py:741} INFO - There are 0 files in /opt/airflow/dags
[2026-02-04T13:02:04.953+0000] {manager.py:738} INFO - Searching for files in /opt/airflow/dags
[2026-02-04T13:02:04.957+0000] {manager.py:741} INFO - There are 0 files in /opt/airflow/dags
[2026-02-04T13:07:05.883+0000] {manager.py:738} INFO - Searching for files in /opt/airflow/dags
[2026-02-04T13:07:05.887+0000] {manager.py:741} INFO - There are 0 files in /opt/airflow/dags
[2026-02-04T13:12:06.837+0000] {manager.py:738} INFO - Searching for files in /opt/airflow/dags
[2026-02-04T13:12:06.839+0000] {manager.py:741} INFO - There are 0 files in /opt/airflow/dags
[2026-02-04T13:17:07.707+0000] {manager.py:738} INFO - Searching for files in /opt/airflow/dags
[2026-02-04T13:17:07.709+0000] {manager.py:741} INFO - There are 0 files in /opt/airflow/dags
[2026-02-04T13:22:08.626+0000] {manager.py:738} INFO - Searching for files in /opt/airflow/dags
[2026-02-04T13:22:08.630+0000] {manager.py:741} INFO - There are 0 files in /opt/airflow/dags
[2026-02-04T13:27:09.424+0000] {manager.py:738} INFO - Searching for files in /opt/airflow/dags
[2026-02-04T13:27:09.428+0000] {manager.py:741} INFO - There are 0 files in /opt/airflow/dags
[2026-02-04T13:32:10.315+0000] {manager.py:738} INFO - Searching for files in /opt/airflow/dags
[2026-02-04T13:32:10.319+0000] {manager.py:741} INFO - There are 0 files in /opt/airflow/dags
[2026-02-04T13:37:11.170+0000] {manager.py:738} INFO - Searching for files in /opt/airflow/dags
[2026-02-04T13:37:11.173+0000] {manager.py:741} INFO - There are 0 files in /opt/airflow/dags
[2026-02-04T13:42:12.119+0000] {manager.py:738} INFO - Searching for files in /opt/airflow/dags
[2026-02-04T13:42:12.123+0000] {manager.py:741} INFO - There are 0 files in /opt/airflow/dags
[2026-02-04T13:47:12.980+0000] {manager.py:738} INFO - Searching for files in /opt/airflow/dags
[2026-02-04T13:47:12.984+0000] {manager.py:741} INFO - There are 0 files in /opt/airflow/dags
[2026-02-04T13:52:13.895+0000] {manager.py:738} INFO - Searching for files in /opt/airflow/dags
[2026-02-04T13:52:13.899+0000] {manager.py:741} INFO - There are 0 files in /opt/airflow/dags
[2026-02-04T13:57:14.721+0000] {manager.py:738} INFO - Searching for files in /opt/airflow/dags
[2026-02-04T13:57:14.725+0000] {manager.py:741} INFO - There are 0 files in /opt/airflow/dags
[2026-02-04T14:02:15.511+0000] {manager.py:738} INFO - Searching for files in /opt/airflow/dags
[2026-02-04T14:02:15.515+0000] {manager.py:741} INFO - There are 0 files in /opt/airflow/dags
[2026-02-04T14:07:16.337+0000] {manager.py:738} INFO - Searching for files in /opt/airflow/dags
[2026-02-04T14:07:16.340+0000] {manager.py:741} INFO - There are 0 files in /opt/airflow/dags
[2026-02-04T14:12:17.222+0000] {manager.py:738} INFO - Searching for files in /opt/airflow/dags
[2026-02-04T14:12:17.225+0000] {manager.py:741} INFO - There are 0 files in /opt/airflow/dags
[2026-02-04T14:17:18.084+0000] {manager.py:738} INFO - Searching for files in /opt/airflow/dags
[2026-02-04T14:17:18.086+0000] {manager.py:741} INFO - There are 0 files in /opt/airflow/dags
[2026-02-04T14:22:19.027+0000] {manager.py:738} INFO - Searching for files in /opt/airflow/dags
[2026-02-04T14:22:19.029+0000] {manager.py:741} INFO - There are 0 files in /opt/airflow/dags
[2026-02-04T15:52:19.900+0000] {manager.py:738} INFO - Searching for files in /opt/airflow/dags
[2026-02-04T15:52:19.901+0000] {manager.py:741} INFO - There are 0 files in /opt/airflow/dags
[2026-02-04T15:57:20.634+0000] {manager.py:738} INFO - Searching for files in /opt/airflow/dags
[2026-02-04T15:57:20.638+0000] {manager.py:741} INFO - There are 0 files in /opt/airflow/dags
[2026-02-04T16:02:21.429+0000] {manager.py:738} INFO - Searching for files in /opt/airflow/dags
[2026-02-04T16:02:21.433+0000] {manager.py:741} INFO - There are 0 files in /opt/airflow/dags
[2026-02-04T16:07:22.232+0000] {manager.py:738} INFO - Searching for files in /opt/airflow/dags
[2026-02-04T16:07:22.236+0000] {manager.py:741} INFO - There are 0 files in /opt/airflow/dags
[2026-02-04T16:12:23.111+0000] {manager.py:738} INFO - Searching for files in /opt/airflow/dags
[2026-02-04T16:12:23.116+0000] {manager.py:741} INFO - There are 0 files in /opt/airflow/dags
[2026-02-04T16:17:23.998+0000] {manager.py:738} INFO - Searching for files in /opt/airflow/dags
[2026-02-04T16:17:24.003+0000] {manager.py:741} INFO - There are 0 files in /opt/airflow/dags
[2026-02-04T16:22:24.900+0000] {manager.py:738} INFO - Searching for files in /opt/airflow/dags
[2026-02-04T16:22:24.903+0000] {manager.py:741} INFO - There are 0 files in /opt/airflow/dags
[2026-02-04T16:26:08.623+0000] {manager.py:451} INFO - Exiting gracefully upon receiving signal 15
[2026-02-04T16:26:35.828+0000] {manager.py:469} INFO - Processing files using up to 2 processes at a time 
[2026-02-04T16:26:35.829+0000] {manager.py:470} INFO - Process each file at most once every 30 seconds
[2026-02-04T16:26:35.829+0000] {manager.py:471} INFO - Checking for new files in /opt/airflow/dags every 300 seconds
[2026-02-04T16:26:35.829+0000] {manager.py:738} INFO - Searching for files in /opt/airflow/dags
[2026-02-04T16:26:35.829+0000] {manager.py:741} INFO - There are 0 files in /opt/airflow/dags
[2026-02-04T16:31:36.592+0000] {manager.py:738} INFO - Searching for files in /opt/airflow/dags
[2026-02-04T16:31:36.596+0000] {manager.py:741} INFO - There are 0 files in /opt/airflow/dags
[2026-02-04T16:36:37.388+0000] {manager.py:738} INFO - Searching for files in /opt/airflow/dags
[2026-02-04T16:36:37.393+0000] {manager.py:741} INFO - There are 0 files in /opt/airflow/dags
[2026-02-04T16:41:38.224+0000] {manager.py:738} INFO - Searching for files in /opt/airflow/dags
[2026-02-04T16:41:38.227+0000] {manager.py:741} INFO - There are 0 files in /opt/airflow/dags
