[2026-02-05T12:10:21.929+0000] {taskinstance.py:1979} INFO - Dependencies all met for dep_context=non-requeueable deps ti=<TaskInstance: microscopy_cleanup_n_copy.cleanup_minio_storage scheduled__2026-02-05T12:05:00+00:00 [queued]>
[2026-02-05T12:10:21.932+0000] {taskinstance.py:1979} INFO - Dependencies all met for dep_context=requeueable deps ti=<TaskInstance: microscopy_cleanup_n_copy.cleanup_minio_storage scheduled__2026-02-05T12:05:00+00:00 [queued]>
[2026-02-05T12:10:21.932+0000] {taskinstance.py:2193} INFO - Starting attempt 1 of 1
[2026-02-05T12:10:21.937+0000] {taskinstance.py:2217} INFO - Executing <Task(PythonOperator): cleanup_minio_storage> on 2026-02-05 12:05:00+00:00
[2026-02-05T12:10:21.939+0000] {standard_task_runner.py:60} INFO - Started process 700 to run task
[2026-02-05T12:10:21.940+0000] {standard_task_runner.py:87} INFO - Running: ['airflow', 'tasks', 'run', '***_cleanup_n_copy', 'cleanup_minio_storage', 'scheduled__2026-02-05T12:05:00+00:00', '--job-id', '13', '--raw', '--subdir', 'DAGS_FOLDER/***_clean_n_move.py', '--cfg-path', '/tmp/tmpqjtkf8za']
[2026-02-05T12:10:21.941+0000] {standard_task_runner.py:88} INFO - Job 13: Subtask cleanup_minio_storage
[2026-02-05T12:10:21.962+0000] {task_command.py:423} INFO - Running <TaskInstance: microscopy_cleanup_n_copy.cleanup_minio_storage scheduled__2026-02-05T12:05:00+00:00 [running]> on host aaf8a9796a42
[2026-02-05T12:10:21.993+0000] {taskinstance.py:2513} INFO - Exporting env vars: AIRFLOW_CTX_DAG_OWNER='airflow' AIRFLOW_CTX_DAG_ID='***_cleanup_n_copy' AIRFLOW_CTX_TASK_ID='cleanup_minio_storage' AIRFLOW_CTX_EXECUTION_DATE='2026-02-05T12:05:00+00:00' AIRFLOW_CTX_TRY_NUMBER='1' AIRFLOW_CTX_DAG_RUN_ID='scheduled__2026-02-05T12:05:00+00:00'
[2026-02-05T12:10:21.996+0000] {base.py:83} INFO - Using connection ID '***_postgres' for task execution.
[2026-02-05T12:10:21.998+0000] {sql.py:457} INFO - Running statement: 
        SELECT i.s3_path
        FROM images i
        LEFT JOIN structures s
        ON i.structure_id = s.id
        WHERE meninges = FALSE
            OR brain = FALSE
    , parameters: None
[2026-02-05T12:10:21.998+0000] {sql.py:466} INFO - Rows affected: 4
[2026-02-05T12:10:22.000+0000] {logging_mixin.py:188} WARNING - /home/airflow/.local/lib/python3.8/site-packages/airflow/providers/common/sql/hooks/sql.py:407 AirflowProviderDeprecationWarning: Call to deprecated method _make_common_data_structure. (The `_make_serializable` method is deprecated and support will be removed in a future version of the common.sql provider. Please update the DbApiHook's provider to a version based on common.sql >= 1.9.1.)
[2026-02-05T12:10:22.003+0000] {base.py:83} INFO - Using connection ID '***_postgres' for task execution.
[2026-02-05T12:10:22.004+0000] {sql.py:457} INFO - Running statement: 
        SELECT i.s3_path
        FROM images i
        LEFT JOIN structures s
        ON i.structure_id = s.id
        WHERE meninges = TRUE
            OR brain = TRUE
    , parameters: None
[2026-02-05T12:10:22.004+0000] {sql.py:466} INFO - Rows affected: 3
[2026-02-05T12:10:22.005+0000] {logging_mixin.py:188} INFO - Удаление: testbucket/staging/blue-tiff-no-comp — копия.tif
[2026-02-05T12:10:22.007+0000] {logging_mixin.py:188} INFO - ✓ Успешно удалено: testbucket/staging/blue-tiff-no-comp — копия.tif
[2026-02-05T12:10:22.007+0000] {logging_mixin.py:188} INFO - Удаление: testbucket/staging/blue-tiff-no-comp — копия.tif
[2026-02-05T12:10:22.008+0000] {logging_mixin.py:188} INFO - ✓ Успешно удалено: testbucket/staging/blue-tiff-no-comp — копия.tif
[2026-02-05T12:10:22.008+0000] {logging_mixin.py:188} INFO - Удаление: testbucket/staging/blue-tiff-no-comp — копия.tif
[2026-02-05T12:10:22.008+0000] {logging_mixin.py:188} INFO - ✓ Успешно удалено: testbucket/staging/blue-tiff-no-comp — копия.tif
[2026-02-05T12:10:22.008+0000] {logging_mixin.py:188} INFO - Удаление: testbucket/staging/blue-tiff-no-comp — копия.tif
[2026-02-05T12:10:22.009+0000] {logging_mixin.py:188} INFO - ✓ Успешно удалено: testbucket/staging/blue-tiff-no-comp — копия.tif
[2026-02-05T12:10:22.009+0000] {logging_mixin.py:188} INFO - 
Перемещение: staging/blue-tiff-no-comp.tif -> core/blue-tiff-no-comp.tif
[2026-02-05T12:10:22.018+0000] {logging_mixin.py:188} INFO - ✓ Скопировано: staging/blue-tiff-no-comp.tif -> core/blue-tiff-no-comp.tif
[2026-02-05T12:10:22.019+0000] {logging_mixin.py:188} INFO - ✓ Оригинал удален: staging/blue-tiff-no-comp.tif
[2026-02-05T12:10:22.019+0000] {logging_mixin.py:188} INFO - 
Перемещение: staging/blue-tiff-no-comp.tif -> core/blue-tiff-no-comp.tif
[2026-02-05T12:10:22.019+0000] {logging_mixin.py:188} INFO - ✗ Ошибка при перемещении: S3 operation failed; code: NoSuchKey, message: Object does not exist, resource: /testbucket/staging/blue-tiff-no-comp.tif, request_id: 1891587CE7B0B064, host_id: dd9025bab4ad464b049177c95eb6ebf374d3b3fd1af9251148b658df7ac2e3e8, bucket_name: testbucket, object_name: staging/blue-tiff-no-comp.tif
[2026-02-05T12:10:22.019+0000] {logging_mixin.py:188} INFO - 
Перемещение: staging/blue-tiff-no-comp.tif -> core/blue-tiff-no-comp.tif
[2026-02-05T12:10:22.020+0000] {logging_mixin.py:188} INFO - ✗ Ошибка при перемещении: S3 operation failed; code: NoSuchKey, message: Object does not exist, resource: /testbucket/staging/blue-tiff-no-comp.tif, request_id: 1891587CE7B85D06, host_id: dd9025bab4ad464b049177c95eb6ebf374d3b3fd1af9251148b658df7ac2e3e8, bucket_name: testbucket, object_name: staging/blue-tiff-no-comp.tif
[2026-02-05T12:10:22.020+0000] {python.py:202} INFO - Done. Returned value was: None
[2026-02-05T12:10:22.023+0000] {taskinstance.py:1149} INFO - Marking task as SUCCESS. dag_id=***_cleanup_n_copy, task_id=cleanup_minio_storage, execution_date=20260205T120500, start_date=20260205T121021, end_date=20260205T121022
[2026-02-05T12:10:22.050+0000] {local_task_job_runner.py:234} INFO - Task exited with return code 0
[2026-02-05T12:10:22.057+0000] {taskinstance.py:3312} INFO - 0 downstream tasks scheduled from follow-on schedule check
