[2026-02-05T11:40:00.332+0000] {taskinstance.py:1979} INFO - Dependencies all met for dep_context=non-requeueable deps ti=<TaskInstance: microscopy_cleanup_n_copy.cleanup_minio_storage scheduled__2026-02-05T11:35:00+00:00 [queued]>
[2026-02-05T11:40:00.334+0000] {taskinstance.py:1979} INFO - Dependencies all met for dep_context=requeueable deps ti=<TaskInstance: microscopy_cleanup_n_copy.cleanup_minio_storage scheduled__2026-02-05T11:35:00+00:00 [queued]>
[2026-02-05T11:40:00.334+0000] {taskinstance.py:2193} INFO - Starting attempt 1 of 1
[2026-02-05T11:40:00.339+0000] {taskinstance.py:2217} INFO - Executing <Task(PythonOperator): cleanup_minio_storage> on 2026-02-05 11:35:00+00:00
[2026-02-05T11:40:00.341+0000] {standard_task_runner.py:60} INFO - Started process 374 to run task
[2026-02-05T11:40:00.342+0000] {standard_task_runner.py:87} INFO - Running: ['airflow', 'tasks', 'run', '***_cleanup_n_copy', 'cleanup_minio_storage', 'scheduled__2026-02-05T11:35:00+00:00', '--job-id', '5', '--raw', '--subdir', 'DAGS_FOLDER/***_clean_n_move.py', '--cfg-path', '/tmp/tmplbiu5guo']
[2026-02-05T11:40:00.343+0000] {standard_task_runner.py:88} INFO - Job 5: Subtask cleanup_minio_storage
[2026-02-05T11:40:00.361+0000] {task_command.py:423} INFO - Running <TaskInstance: microscopy_cleanup_n_copy.cleanup_minio_storage scheduled__2026-02-05T11:35:00+00:00 [running]> on host aaf8a9796a42
[2026-02-05T11:40:00.386+0000] {taskinstance.py:2513} INFO - Exporting env vars: AIRFLOW_CTX_DAG_OWNER='airflow' AIRFLOW_CTX_DAG_ID='***_cleanup_n_copy' AIRFLOW_CTX_TASK_ID='cleanup_minio_storage' AIRFLOW_CTX_EXECUTION_DATE='2026-02-05T11:35:00+00:00' AIRFLOW_CTX_TRY_NUMBER='1' AIRFLOW_CTX_DAG_RUN_ID='scheduled__2026-02-05T11:35:00+00:00'
[2026-02-05T11:40:00.390+0000] {base.py:83} INFO - Using connection ID '***_postgres' for task execution.
[2026-02-05T11:40:00.391+0000] {sql.py:457} INFO - Running statement: 
        SELECT i.s3_path
        FROM images i
        LEFT JOIN structures s
        ON i.structure_id = s.id
        WHERE meninges = FALSE
            OR brain = FALSE
    , parameters: None
[2026-02-05T11:40:00.392+0000] {sql.py:466} INFO - Rows affected: 1
[2026-02-05T11:40:00.393+0000] {logging_mixin.py:188} WARNING - /home/airflow/.local/lib/python3.8/site-packages/airflow/providers/common/sql/hooks/sql.py:407 AirflowProviderDeprecationWarning: Call to deprecated method _make_common_data_structure. (The `_make_serializable` method is deprecated and support will be removed in a future version of the common.sql provider. Please update the DbApiHook's provider to a version based on common.sql >= 1.9.1.)
[2026-02-05T11:40:00.396+0000] {base.py:83} INFO - Using connection ID '***_postgres' for task execution.
[2026-02-05T11:40:00.398+0000] {sql.py:457} INFO - Running statement: 
        SELECT i.s3_path
        FROM images i
        LEFT JOIN structures s
        ON i.structure_id = s.id
        WHERE meninges = TRUE
            OR brain = TRUE
    , parameters: None
[2026-02-05T11:40:00.398+0000] {sql.py:466} INFO - Rows affected: 1
[2026-02-05T11:40:00.401+0000] {taskinstance.py:2731} ERROR - Task failed with exception
Traceback (most recent call last):
  File "/home/airflow/.local/lib/python3.8/site-packages/airflow/models/taskinstance.py", line 444, in _execute_task
    result = _execute_callable(context=context, **execute_callable_kwargs)
  File "/home/airflow/.local/lib/python3.8/site-packages/airflow/models/taskinstance.py", line 414, in _execute_callable
    return execute_callable(context=context, **execute_callable_kwargs)
  File "/home/airflow/.local/lib/python3.8/site-packages/airflow/operators/python.py", line 200, in execute
    return_value = self.execute_callable()
  File "/home/airflow/.local/lib/python3.8/site-packages/airflow/operators/python.py", line 217, in execute_callable
    return self.python_callable(*self.op_args, **self.op_kwargs)
  File "/opt/airflow/dags/microscopy_clean_n_move.py", line 30, in cleanup_minio
    endpoint = Variable.get('minio:9000'),
  File "/home/airflow/.local/lib/python3.8/site-packages/airflow/models/variable.py", line 143, in get
    raise KeyError(f"Variable {key} does not exist")
KeyError: 'Variable minio:9000 does not exist'
[2026-02-05T11:40:00.403+0000] {taskinstance.py:1149} INFO - Marking task as FAILED. dag_id=***_cleanup_n_copy, task_id=cleanup_minio_storage, execution_date=20260205T113500, start_date=20260205T114000, end_date=20260205T114000
[2026-02-05T11:40:00.408+0000] {standard_task_runner.py:107} ERROR - Failed to execute job 5 for task cleanup_minio_storage ('Variable minio:9000 does not exist'; 374)
[2026-02-05T11:40:00.450+0000] {local_task_job_runner.py:234} INFO - Task exited with return code 1
[2026-02-05T11:40:00.458+0000] {taskinstance.py:3312} INFO - 0 downstream tasks scheduled from follow-on schedule check
