[2026-02-05T12:08:54.028+0000] {taskinstance.py:1979} INFO - Dependencies all met for dep_context=non-requeueable deps ti=<TaskInstance: microscopy_cleanup_n_copy.cleanup_minio_storage scheduled__2026-02-05T12:00:00+00:00 [queued]>
[2026-02-05T12:08:54.031+0000] {taskinstance.py:1979} INFO - Dependencies all met for dep_context=requeueable deps ti=<TaskInstance: microscopy_cleanup_n_copy.cleanup_minio_storage scheduled__2026-02-05T12:00:00+00:00 [queued]>
[2026-02-05T12:08:54.031+0000] {taskinstance.py:2193} INFO - Starting attempt 1 of 1
[2026-02-05T12:08:54.037+0000] {taskinstance.py:2217} INFO - Executing <Task(PythonOperator): cleanup_minio_storage> on 2026-02-05 12:00:00+00:00
[2026-02-05T12:08:54.041+0000] {standard_task_runner.py:60} INFO - Started process 681 to run task
[2026-02-05T12:08:54.042+0000] {standard_task_runner.py:87} INFO - Running: ['airflow', 'tasks', 'run', '***_cleanup_n_copy', 'cleanup_minio_storage', 'scheduled__2026-02-05T12:00:00+00:00', '--job-id', '11', '--raw', '--subdir', 'DAGS_FOLDER/***_clean_n_move.py', '--cfg-path', '/tmp/tmprsanqa7x']
[2026-02-05T12:08:54.044+0000] {standard_task_runner.py:88} INFO - Job 11: Subtask cleanup_minio_storage
[2026-02-05T12:08:54.071+0000] {task_command.py:423} INFO - Running <TaskInstance: microscopy_cleanup_n_copy.cleanup_minio_storage scheduled__2026-02-05T12:00:00+00:00 [running]> on host aaf8a9796a42
[2026-02-05T12:08:54.110+0000] {taskinstance.py:2513} INFO - Exporting env vars: AIRFLOW_CTX_DAG_OWNER='airflow' AIRFLOW_CTX_DAG_ID='***_cleanup_n_copy' AIRFLOW_CTX_TASK_ID='cleanup_minio_storage' AIRFLOW_CTX_EXECUTION_DATE='2026-02-05T12:00:00+00:00' AIRFLOW_CTX_TRY_NUMBER='1' AIRFLOW_CTX_DAG_RUN_ID='scheduled__2026-02-05T12:00:00+00:00'
[2026-02-05T12:08:54.115+0000] {base.py:83} INFO - Using connection ID '***_postgres' for task execution.
[2026-02-05T12:08:54.117+0000] {sql.py:457} INFO - Running statement: 
        SELECT i.s3_path
        FROM images i
        LEFT JOIN structures s
        ON i.structure_id = s.id
        WHERE meninges = FALSE
            OR brain = FALSE
    , parameters: None
[2026-02-05T12:08:54.118+0000] {sql.py:466} INFO - Rows affected: 3
[2026-02-05T12:08:54.120+0000] {logging_mixin.py:188} WARNING - /home/airflow/.local/lib/python3.8/site-packages/airflow/providers/common/sql/hooks/sql.py:407 AirflowProviderDeprecationWarning: Call to deprecated method _make_common_data_structure. (The `_make_serializable` method is deprecated and support will be removed in a future version of the common.sql provider. Please update the DbApiHook's provider to a version based on common.sql >= 1.9.1.)
[2026-02-05T12:08:54.124+0000] {base.py:83} INFO - Using connection ID '***_postgres' for task execution.
[2026-02-05T12:08:54.126+0000] {sql.py:457} INFO - Running statement: 
        SELECT i.s3_path
        FROM images i
        LEFT JOIN structures s
        ON i.structure_id = s.id
        WHERE meninges = TRUE
            OR brain = TRUE
    , parameters: None
[2026-02-05T12:08:54.126+0000] {sql.py:466} INFO - Rows affected: 2
[2026-02-05T12:08:54.127+0000] {logging_mixin.py:188} INFO - Удаление: testbucket/staging/blue-tiff-no-comp — копия.tif
[2026-02-05T12:08:54.133+0000] {logging_mixin.py:188} INFO - ✓ Успешно удалено: testbucket/staging/blue-tiff-no-comp — копия.tif
[2026-02-05T12:08:54.133+0000] {logging_mixin.py:188} INFO - Удаление: testbucket/staging/blue-tiff-no-comp — копия.tif
[2026-02-05T12:08:54.133+0000] {logging_mixin.py:188} INFO - ✓ Успешно удалено: testbucket/staging/blue-tiff-no-comp — копия.tif
[2026-02-05T12:08:54.133+0000] {logging_mixin.py:188} INFO - Удаление: testbucket/staging/blue-tiff-no-comp — копия.tif
[2026-02-05T12:08:54.134+0000] {logging_mixin.py:188} INFO - ✓ Успешно удалено: testbucket/staging/blue-tiff-no-comp — копия.tif
[2026-02-05T12:08:54.134+0000] {logging_mixin.py:188} INFO - 
Перемещение: staging/blue-tiff-no-comp.tif -> core/blue-tiff-no-comp.tif
[2026-02-05T12:08:54.149+0000] {logging_mixin.py:188} INFO - ✓ Скопировано: staging/blue-tiff-no-comp.tif -> core/blue-tiff-no-comp.tif
[2026-02-05T12:08:54.150+0000] {logging_mixin.py:188} INFO - ✓ Оригинал удален: staging/blue-tiff-no-comp.tif
[2026-02-05T12:08:54.150+0000] {logging_mixin.py:188} INFO - 
Перемещение: staging/blue-tiff-no-comp.tif -> core/blue-tiff-no-comp.tif
[2026-02-05T12:08:54.151+0000] {logging_mixin.py:188} INFO - ✗ Ошибка при перемещении: S3 operation failed; code: NoSuchKey, message: Object does not exist, resource: /testbucket/staging/blue-tiff-no-comp.tif, request_id: 18915868724D50CA, host_id: dd9025bab4ad464b049177c95eb6ebf374d3b3fd1af9251148b658df7ac2e3e8, bucket_name: testbucket, object_name: staging/blue-tiff-no-comp.tif
[2026-02-05T12:08:54.151+0000] {python.py:202} INFO - Done. Returned value was: None
[2026-02-05T12:08:54.155+0000] {taskinstance.py:1149} INFO - Marking task as SUCCESS. dag_id=***_cleanup_n_copy, task_id=cleanup_minio_storage, execution_date=20260205T120000, start_date=20260205T120854, end_date=20260205T120854
[2026-02-05T12:08:54.188+0000] {local_task_job_runner.py:234} INFO - Task exited with return code 0
[2026-02-05T12:08:54.197+0000] {taskinstance.py:3312} INFO - 0 downstream tasks scheduled from follow-on schedule check
